
Clover EFI installer log - Mon Apr  6 19:15:59 CDT 2020
Installer version: r5109 EFI bootloader
======================================================
/dev/disk0 (internal, physical):
   #:                       TYPE NAME                    SIZE       IDENTIFIER
   0:      GUID_partition_scheme                        *1.0 TB     disk0
   1:                        EFI EFI                     209.7 MB   disk0s1
   2:                 Apple_APFS Container disk2         1.0 TB     disk0s2

/dev/disk1 (internal, physical):
   #:                       TYPE NAME                    SIZE       IDENTIFIER
   0:      GUID_partition_scheme                        *500.1 GB   disk1
   1:           Windows Recovery                         554.7 MB   disk1s1
   2:                        EFI NO NAME                 104.9 MB   disk1s2
   3:         Microsoft Reserved                         16.8 MB    disk1s3
   4:       Microsoft Basic Data                         499.4 GB   disk1s4

/dev/disk2 (synthesized):
   #:                       TYPE NAME                    SIZE       IDENTIFIER
   0:      APFS Container Scheme -                      +1.0 TB     disk2
                                 Physical Store disk0s2
   1:                APFS Volume 1tb NVMe BOOT - Data    605.7 GB   disk2s1
   2:                APFS Volume Preboot                 93.7 MB    disk2s2
   3:                APFS Volume Recovery                528.1 MB   disk2s3
   4:                APFS Volume VM                      1.1 MB     disk2s4
   5:                APFS Volume 1tb NVMe BOOT           11.2 GB    disk2s5

/dev/disk3 (internal, physical):
   #:                       TYPE NAME                    SIZE       IDENTIFIER
   0:     FDisk_partition_scheme                        *500.1 GB   disk3
   1:               Windows_NTFS 860evo0.5tb             500.1 GB   disk3s1

/dev/disk4 (internal, physical):
   #:                       TYPE NAME                    SIZE       IDENTIFIER
   0:      GUID_partition_scheme                        *240.1 GB   disk4
   1:                        EFI EFI                     209.7 MB   disk4s1
   2:                 Apple_APFS Container disk7         239.8 GB   disk4s2

/dev/disk5 (internal, physical):
   #:                       TYPE NAME                    SIZE       IDENTIFIER
   0:      GUID_partition_scheme                        *250.1 GB   disk5
   1:                        EFI EFI                     209.7 MB   disk5s1
   2:                  Apple_HFS ~OSx m2 ssd 250         249.7 GB   disk5s2

/dev/disk6 (internal, physical):
   #:                       TYPE NAME                    SIZE       IDENTIFIER
   0:      GUID_partition_scheme                        *250.1 GB   disk6
   1:           Windows Recovery                         523.2 MB   disk6s1
   2:                        EFI NO NAME                 104.9 MB   disk6s2
   3:         Microsoft Reserved                         16.8 MB    disk6s3
   4:       Microsoft Basic Data S250                    249.4 GB   disk6s4

/dev/disk7 (synthesized):
   #:                       TYPE NAME                    SIZE       IDENTIFIER
   0:      APFS Container Scheme -                      +239.8 GB   disk7
                                 Physical Store disk4s2
   1:                APFS Volume 250 MacOS               111.2 GB   disk7s1
   2:                APFS Volume Preboot                 67.6 MB    disk7s2
   3:                APFS Volume Recovery                3.0 MB     disk7s3
   4:                APFS Volume VM                      20.5 KB    disk7s4

/dev/disk8 (internal, physical):
   #:                       TYPE NAME                    SIZE       IDENTIFIER
   0:      GUID_partition_scheme                        *2.0 TB     disk8
   1:                        EFI NO NAME                 104.9 MB   disk8s1
   2:                        EFI NO NAME                 104.9 MB   disk8s2
   3:                        EFI NO NAME                 104.9 MB   disk8s3
   4:           Windows Recovery                         554.7 MB   disk8s4
   5:                        EFI NO NAME                 104.9 MB   disk8s5
   6:           Windows Recovery                         554.7 MB   disk8s6
   7:                        EFI NO NAME                 104.9 MB   disk8s7
   8:           Windows Recovery                         554.7 MB   disk8s8
   9:                        EFI NO NAME                 104.9 MB   disk8s9
  10:           Windows Recovery                         554.7 MB   disk8s10
  11:                        EFI NO NAME                 104.9 MB   disk8s11
  12:           Windows Recovery                         554.7 MB   disk8s12
  13:                        EFI NO NAME                 104.9 MB   disk8s13
  14:                        EFI NO NAME                 104.9 MB   disk8s14

/dev/disk9 (external, physical):
   #:                       TYPE NAME                    SIZE       IDENTIFIER
   0:     FDisk_partition_scheme                        *15.5 GB    disk9
   1:             Windows_FAT_32 BIOS                    15.5 GB    disk9s1

Target volume /Volumes/1tb NVMe BOOT on disk2 is APFS on physical store disk0s2
======================================================
Backing up EFI files

Backing up /Volumes/1tb NVMe BOOT/EFIROOTDIR/EFI folder to /Volumes/1tb NVMe BOOT/EFI-Backups/r5107/2020-04-06-19h15/EFI
======================================================
Installing BootSectors/BootLoader

Stage 0 - Don't write any of boot0af, boot0md, boot0ss to /
Stage 1 - Don't write any of boot1h2, boot1f32alt, boot1xalt to /

======================================================
=========== Clover EFI Installation Finish ===========
======================================================
